Terminals:
 1 T1
 2 T2
  Attr: AT2 inherited=FALSE
 3 T3
  Attr: AT3 inherited=FALSE
Non Terminals:
 1 NT1
  Production: P1
    O1 Option:
  Production: OP1
    t2 refs T2
    nt2 refs NT2
    End
 2 NT2
  Attr: ANT2s inherited=FALSE
  Production: P2
    L1 List:
  Attr: L1s inherited=FALSE
  Production: PL1
    t3 refs T3
Rule: 
  Result: LHS.L1s
  Arg: t3.AT3
    End
Rule: 
  Result: LHS.ANT2s
  Arg: L1.L1s
