Terminals:
 1 int
 2 plus
 3 star
Non Terminals:
 1 exp
  Production: int ( 1)
    int refs int
  Production: plus ( 2)
    left refs exp
    plus refs plus
    exp refs exp
  Production: star ( 3)
    left refs exp
    star refs star
    exp refs exp
 2 exp'
  Production:  ( 4)
    exp refs exp
Terminals 3 Non_Terminals 1 Production 3 Parts 7
Last_State= 7
State: 6
Shift/Reduce conflict on token 'plus'
Shift to State: 5
Shift/Reduce Non terminal exp production star
Shift/Reduce conflict on token 'star'
Shift to State: 4
Shift/Reduce Non terminal exp production star
State: 7
Shift/Reduce conflict on token 'plus'
Shift to State: 5
Shift/Reduce Non terminal exp production plus
Shift/Reduce conflict on token 'star'
Shift to State: 4
Shift/Reduce Non terminal exp production plus

Table:
 1  Error     SHIFT  2 Error     Error     Error    	 3 0
 2  REDU 1 1 Error     REDU 1 1 REDU 1 1	 0 0
 3  FINISH   Error     Error     SHIFT  5 Error     SHIFT  4 Error    	 0 0
 4  Error     SHIFT  2 Error     Error     Error    	 6 0
 5  Error     SHIFT  2 Error     Error     Error    	 7 0
 6  REDU 3 7 Error     SHIFT  5 REDU 3 7 SHIFT  4 REDU 3 7	 0 0
 7  REDU 2 4 Error     SHIFT  5 REDU 2 4 SHIFT  4 REDU 2 4	 0 0

Print Tree:
 13 alternative exp [ 10 node plus 12 node star ]
 10 node plus [ 6 node star 7 token 9 node int ]
 6 node star [ 2 node int 3 token 5 node int ]
 2 node int [ 1 token ]
 1 token [ ]
 3 token [ ]
 5 node int [ 4 token ]
 4 token [ ]
 7 token [ ]
 9 node int [ 8 token ]
 8 token [ ]
 12 node star [ 2 node int 3 token 11 node plus ]
 11 node plus [ 5 node int 7 token 9 node int ]

