Terminals:
 1 T
  Attr: ast inherited=FALSE
Non Terminals:
 1 NT
  Attr: ast inherited=FALSE
  Attr: env inherited=TRUE
  Production: NT-T
    T refs T
    NT2 refs NT2
Rule: 
  Result: LHS.ast
  Arg: T.ast
Rule: 
  Result: NT2.env
  Arg: LHS.env
  Production: NT-TT
    t1 refs T
    t2 refs T
  Production: NT-TList
    tlist List:
  Production: NT-TList-tlist-
    T refs T
    End
  Production: NT-TOpt
     Option:
  Production: NT-TOpt-
    T refs T
    nt2 refs NT
    End
 2 NT2
  Attr: ast inherited=FALSE
  Attr: env inherited=TRUE
  Production: NT2-
    T refs T
