Terminals:
 1 T1
  Attr: AT1 inherited=FALSE
 2 T2
 3 T3
  Attr: AT3 inherited=FALSE
Non Terminals:
 1 NT1
  Production: P1 ( 1)
    nt3 refs NT3
    nt2 refs NT2
    t3 refs T3
Rule: 
  Result: nt2.ANT2i
  Arg: t3.AT3
 2 NT2
  Attr: ANT2i inherited=TRUE
  Attr: ANT2s inherited=FALSE
  Production: P2 ( 2)
    t1 refs T1
    nt3 refs NT3
Rule: 
  Result: LHS.ANT2s
  Arg: t1.AT1
 3 NT3
  Production: P3 ( 3)
    t2 refs T2
    nt1 refs NT1
