Terminals:
 1 T1
 2 T2
 3 T3
Non Terminals:
 1 L1 (List)
  Production: PL1 ( 1)
    nt2 refs NT2
    t3 refs T3
 2 NT1
  Production: P1 ( 2)
    nt3 refs NT3
    L1 List:L1
 3 NT2
  Production: P2 ( 3)
    t1 refs T1
    nt3 refs NT3
 4 NT3
  Production: P3 ( 4)
    O3 Option:
  Production: OP3 ( 5)
    t2 refs T2
    nt1 refs NT1
 End
